============================================================================
Testsuite summary for GNU diffutils 3.8
============================================================================
# TOTAL: 203
# PASS:  144
# SKIP:  49
# XFAIL: 0
# FAIL:  10
# XPASS: 0
# ERROR: 0

